// Jest Snapshot v1, https://goo.gl/fbAQLP

exports[`logs-by-shoes.vue columnDefinitions should return correct value 1`] = `
Array [
  Object {
    "key": "distance",
    "label": "Distance",
    "sortable": true,
  },
  Object {
    "key": "date",
    "label": "Date",
    "sortable": true,
  },
  Object {
    "class": "action-column",
    "key": "action",
    "label": "",
    "sortable": false,
    "width": 100,
  },
]
`;

exports[`logs-by-shoes.vue deleteLog should call action 1`] = `
Object {
  "id": 0,
}
`;

exports[`logs-by-shoes.vue getLogsByProduct should return filtered list 1`] = `
Array [
  Object {
    "brand": "Foo",
    "distance": 1,
    "id": 0,
    "product": "Bar",
    "timestamp": 100,
  },
  Object {
    "brand": "Foo",
    "distance": 1,
    "id": 1,
    "product": "Bar",
    "timestamp": 100,
  },
]
`;

exports[`logs-by-shoes.vue getShoeDisplayValue should set selected shoe 1`] = `"Foo - Bar"`;

exports[`logs-by-shoes.vue getShoeDisplayValue should set selected shoe 2`] = `
<div
  class="logs-by-shoes"
>
  <h3>
    Logs by Shoes
  </h3>
   
  <div
    class="col-12 col-lg-6 col-lg-6 px-0 py-2"
  >
    <div
      class="form-group"
    >
      <label>
        Shoe
      </label>
       
      <dropdown-stub
        data="[object Object],[object Object]"
        event="select-shoe"
        getdisplayvalue="function () { [native code] }"
        placeholder="Select Shoe"
      />
    </div>
  </div>
   
  <div
    class="col-12 col-lg-6 col-lg-6 px-0 py-2"
  >
    <!---->
  </div>
</div>
`;

exports[`logs-by-shoes.vue on init should render component 1`] = `null`;

exports[`logs-by-shoes.vue on init should render component 2`] = `
<div
  class="logs-by-shoes"
>
  <h3>
    Logs by Shoes
  </h3>
   
  <div
    class="col-12 col-lg-6 col-lg-6 px-0 py-2"
  >
    <div
      class="form-group"
    >
      <label>
        Shoe
      </label>
       
      <dropdown-stub
        data="[object Object],[object Object]"
        event="select-shoe"
        getdisplayvalue="function () { [native code] }"
        placeholder="Select Shoe"
      />
    </div>
  </div>
   
  <div
    class="col-12 col-lg-6 col-lg-6 px-0 py-2"
  >
    <!---->
  </div>
</div>
`;

exports[`logs-by-shoes.vue on init should render component 3`] = `"/logs/by-shoes"`;
